[33m[1mYCSB benchmark configuration:[39m[22m Args {
    num_clis: 1,
    num_ops: 200,
    workload: 'a',
    client_just_args: [
        "p3::client",
        "10.10.1.2:3666",
    ],
}
./kvstore/bin/kvclient --manager_addrs 10.10.1.2:3666
[33m[1mBenchmarking [Load] phase...[39m[22m
  Launched 1 YCSB drivers, now waiting...
./kvstore/bin/kvclient --manager_addrs 10.10.1.2:3666
[33m[1mBenchmarking [Run] phase...[39m[22m
  Launched 1 YCSB drivers, now waiting...
[33m[1mBenchmarking results:[39m[22m  [36mYCSB-a[39m  [35m1 clients[39m
  [36m[Load][39m    9513 ms
    Throughput:      21.02 ops/sec
    Latency:    INSERT  ops    200  avg  47493.97  min  30278  max 269656  p99  64176  us
  [36m[Run] [39m    4718 ms
    Throughput:      42.39 ops/sec
    Latency:    READ    ops    104  avg    956.78  min    710  max   4772  p99   3879  us
                UPDATE  ops     96  avg  47383.05  min  33767  max  60124  p99  60124  us
